<html>
<body>
<pre>
<h1>µVision Build Log</h1>
<h2>Tool Versions:</h2>
IDE-Version: µVision V5.20.0.0
Copyright (C) 2016 ARM Ltd and ARM Germany GmbH. All rights reserved.
License Information: Marcel Fraas Universität Bayreuth Flex license: MDK-ARM Professional (Eval) (mdk_pro_eval) Operation stops: 17 Jun 2016
 
Tool Versions:
Toolchain:       MDK-ARM Professional (Eval)  Version: 5.20
Toolchain Path:  C:\Keil_v5\ARM\ARMCC\Bin
C Compiler:      Armcc.exe V5.06 update 2 (build 183)
Assembler:       Armasm.exe V5.06 update 2 (build 183)
Linker/Locator:  ArmLink.exe V5.06 update 2 (build 183)
Library Manager: ArmAr.exe V5.06 update 2 (build 183)
Hex Converter:   FromElf.exe V5.06 update 2 (build 183)
CPU DLL:         SARMCM3.DLL V5.20
Dialog DLL:      DCM.DLL V1.13.7.0
Target DLL:      lmidk-agdi.dll V???
Dialog DLL:      TCM.DLL V1.14.9.0
 
<h2>Project:</h2>
C:\Users\Mikrocontroller\Desktop\Datalogger\Datalogger.uvprojx
Project File Date:  06/17/2016

<h2>Output:</h2>
*** Using Compiler 'V5.06 update 2 (build 183)', folder: 'C:\Keil_v5\ARM\ARMCC\Bin'
Rebuild target 'Target 1'
compiling datalogger.c...
compiling mmc-ek-lm4f232.c...
compiling ff.c...
compiling cc932.c...
compiling uartstdio.c...
compiling cfal96x64x16.c...
assembling Startup.s...
linking...
Program Size: Code=19258 RO-data=33286 RW-data=236 ZI-data=3060  
".\Objects\Datalogger.axf" - 0 Error(s), 0 Warning(s).

<h2>Software Packages used:</h2>

Package Vendor: ARM
                http://www.keil.com/pack/ARM.CMSIS.4.5.0.pack
                ARM::CMSIS:CORE:4.3.0
                CMSIS (Cortex Microcontroller Software Interface Standard)
   * Component: CORE Version: 4.3.0

Package Vendor: Keil
                http://www.keil.com/pack/Keil.LM4F_DFP.1.0.0.pack
                Keil::Device:Startup:1.0.0
                Texas Instruments LM4F Series Device Support
   * Component: Startup Version: 1.0.0

<h2>Collection of Component include folders:</h2>
  C:\Users\Mikrocontroller\Desktop\Datalogger\RTE
  C:\Keil_v5\ARM\PACK\ARM\CMSIS\4.5.0\CMSIS\Include
  C:\Keil_v5\ARM\PACK\Keil\LM4F_DFP\1.0.0\Device\Include

<h2>Collection of Component Files used:</h2>

   * Component: ARM::CMSIS:CORE:4.3.0

   * Component: Keil::Device:Startup:1.0.0
      Include file:  Device\Include\LM4F232H5QD.h
      Source file:   Device\Source\ARM\Startup.s
Build Time Elapsed:  00:00:05
</pre>
</body>
</html>
